// Jest Snapshot v1, https://goo.gl/fbAQLP

exports[`Test snapshot Test ChatView 1`] = `
<div
  id="container"
>
  <aside>
    <header>
      <input
        id="myInput"
        onKeyUp={[Function]}
        placeholder="search"
        type="text"
      />
    </header>
    <footer>
      <button
        id="deleteUser"
        onClick={[Function]}
      >
        Delete
      </button>
      <button
        id="addUser"
        onClick={[Function]}
      >
        Add
      </button>
    </footer>
    <ul
      id="myul"
    />
  </aside>
  <main>
    <header>
      <div>
        <h2
          id="chat_title"
        />
      </div>
    </header>
    <ul
      id="chat"
    />
    <div
      id="btu_div"
    >
      <button
        className="func_btu"
        id="video_call"
        onClick={[Function]}
      >
        Video Call
      </button>
      <button
        className="func_btu"
        id="invite_video"
        onClick={[Function]}
      >
        invite
      </button>
      <button
        className="func_btu"
      >
        <label
          className="custom-file-upload"
          htmlFor="image-upload"
        >
          <i
            className="fa fa-cloud-upload"
          />
           Send Image
        </label>
        <input
          accept="image/jpeg"
          id="image-upload"
          onChange={[Function]}
          type="file"
        />
      </button>
      <button
        className="func_btu"
      >
        <label
          className="custom-file-upload"
          htmlFor="audio-upload"
        >
          <i
            className="fa fa-cloud-upload"
          />
           Send Audio
        </label>
        <input
          accept="audio/mp3"
          id="audio-upload"
          onChange={[Function]}
          type="file"
        />
      </button>
      <button
        className="func_btu"
        id="recordAudio"
        onClick={[Function]}
      >
        Record Audio
      </button>
      <button
        className="func_btu"
      >
        <label
          className="custom-file-upload"
          htmlFor="video-upload"
        >
          <i
            className="fa fa-cloud-upload"
          />
           Send Video
        </label>
        <input
          accept="video/mp4"
          id="video-upload"
          onChange={[Function]}
          type="file"
        />
      </button>
    </div>
    <footer>
      <textarea
        id="textarea"
        placeholder="Type your message"
      />
      <a
        href="#"
        id="submitbtu"
        style={
          Object {
            "color": "gray",
          }
        }
      >
        Send
      </a>
    </footer>
    <div
      className="overlay"
      id="popup1"
    >
      <div
        className="popup"
      >
        <h2>
          Record
        </h2>
        <a
          className="close"
          id="closepop"
          onClick={[Function]}
        >
          ×
        </a>
        <p>
          <button
            id="startRecord"
            onClick={[Function]}
          >
            start
          </button>
          <button
            id="stopRecord"
            onClick={[Function]}
          >
            stop
          </button>
          <button
            id="sendRecord"
            onClick={[Function]}
          >
            SEND
          </button>
        </p>
        <p>
          <audio
            id="recordedAudio"
          />
        </p>
      </div>
    </div>
    <div
      className="overlay"
      id="popup2"
    >
      <div
        className="popup"
      >
        <h3>
          Are you sure to decline the call?
        </h3>
        <a
          className="close"
          id="closepop2"
          onClick={[Function]}
        >
          ×
        </a>
        <p>
          <button
            id="yes_decline"
            onClick={[Function]}
          >
            YES
          </button>
        </p>
      </div>
    </div>
    <div
      className="overlay"
      id="popup3"
    >
      <div
        className="popup"
      >
        <h2>
          Add New Contact
        </h2>
        <a
          className="close"
          id="closepop3"
          onClick={[Function]}
        >
          ×
        </a>
        <div>
          <input
            id="add_contact_input"
            placeholder="Input Contact Name"
            type="text"
          />
          <div
            className="dropdown"
          >
            <button
              className="dropbtn"
              id="addsuggest"
              onClick={[Function]}
            >
              +
            </button>
            <div
              className="dropdown-content"
              id="myDropdown"
            >
              <a
                className="suggestuser"
              >
                1
              </a>
              <a
                className="suggestuser"
              >
                2
              </a>
              <a
                className="suggestuser"
              >
                3
              </a>
              <a
                className="suggestuser"
              >
                4
              </a>
              <a
                className="suggestuser"
              >
                5
              </a>
            </div>
          </div>
        </div>
        <p>
          <button
            id="add_contact_submit"
            onClick={[Function]}
          >
            Submit
          </button>
        </p>
      </div>
    </div>
  </main>
</div>
`;
