// Jest Snapshot v1, https://goo.gl/fbAQLP

exports[`Test snapshot Test Login 1`] = `
<div>
  <h1
    align="center"
  >
    change Password
  </h1>
  <div
    className="mainProfile"
  >
    <form
      className="formLogin"
    >
      <input
        align="center"
        className="newPassword"
        id="userName"
        placeholder="username"
        type="text"
      />
      <input
        align="center"
        className="newPassword"
        id="newPassword"
        placeholder="new password"
        type="password"
      />
      <button
        align="center"
        className="resetBtn"
        id="resetBtn"
        onClick={[Function]}
      >
        <b>
          Change Password
        </b>
      </button>
    </form>
    <br />
  </div>
</div>
`;
