// Jest Snapshot v1, https://goo.gl/fbAQLP

exports[`Test snapshot Test Profile 1`] = `
<div
  id="m-parent"
>
  <div
    id="m-navi"
  >
    <div>
      <ul
        id="nav_ul"
      >
        <li
          className="nav_li"
        >
          <a
            href="/profile"
          >
            Profile
          </a>
        </li>
        <li
          className="nav_li"
        >
          <a
            href="/main"
          >
            Messaging
          </a>
        </li>
        <li
          className="nav_li"
        >
          <a
            href="/status"
          >
            Status
          </a>
        </li>
      </ul>
    </div>
  </div>
  <div
    id="m-content"
  >
    <div
      id="container"
    >
      <aside>
        <header>
          <input
            id="myInput"
            onKeyUp={[Function]}
            placeholder="search"
            type="text"
          />
        </header>
        <footer>
          <button
            id="deleteUser"
            onClick={[Function]}
          >
            Delete
          </button>
          <button
            id="addUser"
            onClick={[Function]}
          >
            Add
          </button>
        </footer>
        <ul
          id="myul"
        />
      </aside>
      <main>
        <header>
          <div>
            <h2
              id="chat_title"
            >
              Vincent Porter
            </h2>
          </div>
        </header>
        <ul
          id="chat"
        >
          <li
            className="you"
          >
            <div
              className="entete"
            >
              <span
                className="status green"
              />
              <h2>
                Vincent
              </h2>
              <h3>
                10:12AM, Today
              </h3>
            </div>
            <div
              className="message"
            >
              Hi, this is the first message
            </div>
          </li>
          <li
            className="you"
          >
            <div
              className="entete"
            >
              <span
                className="status green"
              />
              <h2>
                Vincent
              </h2>
              <h3>
                10:12AM, Today
              </h3>
            </div>
            <div
              className="message"
            >
              Hello
            </div>
          </li>
        </ul>
        <div
          id="btu_div"
        >
          <button
            className="func_btu"
          >
            Video Call
          </button>
          <button
            className="func_btu"
          >
            <label
              className="custom-file-upload"
              htmlFor="image-upload"
            >
              <i
                className="fa fa-cloud-upload"
              />
               Send Image
            </label>
            <input
              accept="image/png, image/jpg"
              id="image-upload"
              onChange={[Function]}
              type="file"
            />
          </button>
          <button
            className="func_btu"
          >
            <label
              className="custom-file-upload"
              htmlFor="audio-upload"
            >
              <i
                className="fa fa-cloud-upload"
              />
               Send Audio
            </label>
            <input
              accept="audio/mp3"
              id="audio-upload"
              onChange={[Function]}
              type="file"
            />
          </button>
          <button
            className="func_btu"
            id="recordAudio"
            onClick={[Function]}
          >
            Record Audio
          </button>
          <button
            className="func_btu"
          >
            <label
              className="custom-file-upload"
              htmlFor="video-upload"
            >
              <i
                className="fa fa-cloud-upload"
              />
               Send Video
            </label>
            <input
              accept="video/mp4"
              id="video-upload"
              onChange={[Function]}
              type="file"
            />
          </button>
        </div>
        <footer>
          <textarea
            id="textarea"
            placeholder="Type your message"
          />
          <a
            href="#"
            id="submitbtu"
            onClick={[Function]}
          >
            Send
          </a>
        </footer>
        <div
          className="overlay"
          id="popup1"
        >
          <div
            className="popup"
          >
            <h2>
              Record
            </h2>
            <a
              className="close"
              id="closepop"
              onClick={[Function]}
            >
              ×
            </a>
            <p>
              <button
                id="startRecord"
                onClick={[Function]}
              >
                start
              </button>
              <button
                id="stopRecord"
                onClick={[Function]}
              >
                stop
              </button>
              <button
                id="sendRecord"
                onClick={[Function]}
              >
                SEND
              </button>
            </p>
            <p>
              <audio
                id="recordedAudio"
              />
            </p>
          </div>
        </div>
      </main>
    </div>
  </div>
</div>
`;
