// Jest Snapshot v1, https://goo.gl/fbAQLP

exports[`Test snapshot snapshot 1`] = `
<div>
  <div>
    <ul
      id="nav_ul"
    >
      <li
        className="nav_li"
      >
        <a
          href="/profile"
        >
          Profile
        </a>
      </li>
      <li
        className="nav_li"
      >
        <a
          href="/main"
        >
          Messaging
        </a>
      </li>
      <li
        className="nav_li"
      >
        <a
          href="/status"
        >
          Status
        </a>
      </li>
      <li
        className="nav_li"
      >
        <a
          href="/login"
          onClick={[Function]}
        >
          Logout
        </a>
      </li>
      <li
        className="nav_li"
      >
        <a
          href="/main"
        >
          
        </a>
      </li>
    </ul>
  </div>
  <h1
    align="center"
  >
    Profile
  </h1>
  <div
    className="mainProfile"
  >
    <img
      alt="Girl in a jacket"
      className="avatar"
      src="AvatarCat.png"
    />
    <p
      align="center"
      className="data"
      id="userName"
    >
      
    </p>
    <p
      align="center"
      className="data"
      id="registrationDate"
    >
      
    </p>
    <form
      className="formLogin"
    >
      <input
        align="center"
        className="newPassword"
        id="newPassword"
        placeholder="new password"
        type="password"
      />
      <button
        align="center"
        className="resetBtn"
        id="resetBtn"
        onClick={[Function]}
      >
        <b>
          Change Password
        </b>
      </button>
      <button
        align="center"
        className="deactivateBtn"
      >
        <b>
          Deactivate
        </b>
      </button>
    </form>
    ​
    <br />
  </div>
</div>
`;
