// Jest Snapshot v1, https://goo.gl/fbAQLP

exports[`Test snapshot Test Login 1`] = `
<div>
  <h1
    align="center"
  >
    Welcome to Our App
  </h1>
  <div
    className="main"
  >
    <p
      align="center"
      className="sign"
    >
      Register
    </p>
    <form
      className="formLogin"
    >
      <input
        align="center"
        className="userName"
        id="email"
        placeholder="Email: cat@gmail.com"
        type="text"
      />
      <input
        align="center"
        className="nickName"
        id="userName"
        placeholder="Username"
        type="text"
      />
      <input
        align="center"
        className="pass"
        id="password"
        placeholder="Password"
        type="password"
      />
      <input
        className="registerBtn2"
        id="submitBtn"
        onClick={[Function]}
        type="button"
        value="Register"
      />
    </form>
  </div>
</div>
`;
