// Jest Snapshot v1, https://goo.gl/fbAQLP

exports[`Test snapshot Test Profile 1`] = `
<div>
  <div>
    <ul
      id="nav_ul"
    >
      <li
        className="nav_li"
      >
        <a
          href="/profile"
        >
          Profile
        </a>
      </li>
      <li
        className="nav_li"
      >
        <a
          href="/main"
        >
          Messaging
        </a>
      </li>
      <li
        className="nav_li"
      >
        <a
          href="/status"
        >
          Status
        </a>
      </li>
    </ul>
  </div>
  <h1
    align="center"
  >
    Status
  </h1>
  <p
    align="center"
    onClick={[Function]}
  >
    <button>
      Send New Status
    </button>
  </p>
  <div
    className="mainProfile"
  >
    <div
      className="outer"
      id="outer"
    >
      <div
        className="circle"
      >
        <button
          className="statusLink"
          id="btn0"
          onClick={[Function]}
        >
          A
        </button>
      </div>
      <div
        className="circle"
      >
        <button
          className="statusLink"
          id="1"
          onClick={[Function]}
        >
          B
        </button>
      </div>
    </div>
    <div
      id="status"
    >
        
    </div>
    <div
      className="overlay"
      id="popup1"
    >
      <div
        className="popup"
      >
        <h2>
          New Status
        </h2>
        <a
          className="close"
          id="closepop"
          onClick={[Function]}
        >
          Close
        </a>
        <p>
          <button
            id="textOption"
            onClick={[Function]}
          >
            Text
          </button>
          <button
            id="imageOption"
          >
            <label
              htmlFor="image-upload"
            >
              Image
            </label>
            <input
              accept="image/png, image/jpg"
              id="image-upload"
              onChange={[Function]}
              type="file"
            />
          </button>
          <textarea
            cols="40"
            id="textarea"
            rows="4"
            style={
              Object {
                "visibility": "hidden",
              }
            }
          />
          <button
            id="sendStatus"
            onClick={[Function]}
          >
            SEND
          </button>
        </p>
      </div>
    </div>
  </div>
</div>
`;
